Component: ARM Compiler 5.06 update 7 (build 960) Tool: armlink [4d3601]

==============================================================================

Section Cross References

    startup_nuc123.o(STACK) refers (Special) to heapauxi.o(.text) for __use_two_region_memory
    startup_nuc123.o(HEAP) refers (Special) to heapauxi.o(.text) for __use_two_region_memory
    startup_nuc123.o(RESET) refers (Special) to heapauxi.o(.text) for __use_two_region_memory
    startup_nuc123.o(RESET) refers to startup_nuc123.o(STACK) for __initial_sp
    startup_nuc123.o(RESET) refers to startup_nuc123.o(.text) for Reset_Handler
    startup_nuc123.o(.text) refers (Special) to heapauxi.o(.text) for __use_two_region_memory
    startup_nuc123.o(.text) refers to system_nuc123.o(i.SystemInit) for SystemInit
    startup_nuc123.o(.text) refers to __main.o(!!!main) for __main
    startup_nuc123.o(.text) refers to startup_nuc123.o(HEAP) for Heap_Mem
    startup_nuc123.o(.text) refers to startup_nuc123.o(STACK) for Stack_Mem
    system_nuc123.o(i.CLK_GetPLLClockFreq) refers to aeabi_sdiv.o(.text) for __aeabi_uidivmod
    system_nuc123.o(i.SystemCoreClockUpdate) refers to system_nuc123.o(i.CLK_GetPLLClockFreq) for CLK_GetPLLClockFreq
    system_nuc123.o(i.SystemCoreClockUpdate) refers to aeabi_sdiv.o(.text) for __aeabi_uidivmod
    system_nuc123.o(i.SystemCoreClockUpdate) refers to system_nuc123.o(.data) for PllClock
    fmc.o(i.FMC_ReadConfig) refers to fmc.o(i.FMC_Read) for FMC_Read
    fmc.o(i.FMC_WriteConfig) refers to fmc.o(i.FMC_Read) for FMC_Read
    clk.o(i.CLK_DisableCKO) refers to clk.o(i.CLK_DisableModuleClock) for CLK_DisableModuleClock
    clk.o(i.CLK_EnableCKO) refers to clk.o(i.CLK_EnableModuleClock) for CLK_EnableModuleClock
    clk.o(i.CLK_EnableCKO) refers to clk.o(i.CLK_SetModuleClock) for CLK_SetModuleClock
    clk.o(i.CLK_EnablePLL) refers to clk.o(i.CLK_WaitClockReady) for CLK_WaitClockReady
    clk.o(i.CLK_EnablePLL) refers to aeabi_sdiv.o(.text) for __aeabi_uidivmod
    clk.o(i.CLK_EnablePLL) refers to clk.o(i.CLK_GetPLLClockFreq) for CLK_GetPLLClockFreq
    clk.o(i.CLK_GetCPUFreq) refers to system_nuc123.o(i.SystemCoreClockUpdate) for SystemCoreClockUpdate
    clk.o(i.CLK_GetCPUFreq) refers to system_nuc123.o(.data) for SystemCoreClock
    clk.o(i.CLK_GetHCLKFreq) refers to system_nuc123.o(i.SystemCoreClockUpdate) for SystemCoreClockUpdate
    clk.o(i.CLK_GetHCLKFreq) refers to system_nuc123.o(.data) for SystemCoreClock
    clk.o(i.CLK_GetPCLKFreq) refers to system_nuc123.o(i.SystemCoreClockUpdate) for SystemCoreClockUpdate
    clk.o(i.CLK_GetPCLKFreq) refers to system_nuc123.o(.data) for SystemCoreClock
    clk.o(i.CLK_GetPLLClockFreq) refers to aeabi_sdiv.o(.text) for __aeabi_uidivmod
    clk.o(i.CLK_SetCoreClock) refers to clk.o(i.CLK_WaitClockReady) for CLK_WaitClockReady
    clk.o(i.CLK_SetCoreClock) refers to clk.o(i.CLK_EnablePLL) for CLK_EnablePLL
    clk.o(i.CLK_SetCoreClock) refers to clk.o(i.CLK_SetHCLK) for CLK_SetHCLK
    clk.o(i.CLK_SetHCLK) refers to clk.o(i.CLK_WaitClockReady) for CLK_WaitClockReady
    clk.o(i.CLK_SetHCLK) refers to system_nuc123.o(i.SystemCoreClockUpdate) for SystemCoreClockUpdate
    clk.o(i.CLK_SetModuleClock) refers to clk.o(.constdata) for .constdata
    main.o(i.Cal_Checksum) refers to main.o(i.InvertUint16) for InvertUint16
    main.o(i.Cal_Checksum) refers to main.o(.data) for wCRCin
    main.o(i.Clk_Init) refers to system_nuc123.o(i.SystemCoreClockUpdate) for SystemCoreClockUpdate
    main.o(i.Fw_App1_Erase) refers to drv_flash.o(i.Drv_Flash_Erase) for Drv_Flash_Erase
    main.o(i.Fw_Cal_Checksum) refers to main.o(i.FMC_Read) for FMC_Read
    main.o(i.Fw_Cal_Checksum) refers to main.o(i.Cal_Checksum) for Cal_Checksum
    main.o(i.Fw_Cal_Checksum) refers to main.o(.data) for wCRCin
    main.o(i.Fw_Cpy_App2_To_App1) refers to main.o(i.FMC_Read) for FMC_Read
    main.o(i.Fw_Get_Info) refers to drv_flash.o(i.Drv_Flash_Read) for Drv_Flash_Read
    main.o(i.Fw_Set_Info) refers to drv_flash.o(i.Drv_Flash_Erase) for Drv_Flash_Erase
    main.o(i.Fw_Set_Info) refers to drv_flash.o(i.Drv_Flash_Write) for Drv_Flash_Write
    main.o(i.Ldrom_To_Aprom) refers to drv_flash.o(i.DrvFMC_SetVectorPage) for DrvFMC_SetVectorPage
    main.o(i.Ldrom_To_Aprom) refers to main.o(.data) for func_app
    main.o(i.main) refers to main.o(i.Clk_Init) for Clk_Init
    main.o(i.main) refers to main.o(i.Fw_Get_Info) for Fw_Get_Info
    main.o(i.main) refers to main.o(i.Fw_App1_Erase) for Fw_App1_Erase
    main.o(i.main) refers to main.o(i.Fw_Cpy_App2_To_App1) for Fw_Cpy_App2_To_App1
    main.o(i.main) refers to main.o(i.Fw_Cal_Checksum) for Fw_Cal_Checksum
    main.o(i.main) refers to main.o(i.Fw_Set_Info) for Fw_Set_Info
    main.o(i.main) refers to main.o(i.Ldrom_To_Aprom) for Ldrom_To_Aprom
    main.o(i.main) refers to main.o(.data) for fwInfo
    drv_flash.o(i.Drv_Flash_Read) refers to drv_flash.o(i.FMC_Read) for FMC_Read
    drv_flash.o(i.Drv_Flash_Write) refers to drv_flash.o(i.FMC_Write) for FMC_Write
    drv_flash.o(i.Drv_Flash_Write) refers to drv_flash.o(i.FMC_Read) for FMC_Read
    __main.o(!!!main) refers to __rtentry.o(.ARM.Collect$$rtentry$$00000000) for __rt_entry
    __rtentry.o(.ARM.Collect$$rtentry$$00000000) refers (Special) to __rtentry2.o(.ARM.Collect$$rtentry$$0000000A) for __rt_entry_li
    __rtentry.o(.ARM.Collect$$rtentry$$00000000) refers (Special) to __rtentry2.o(.ARM.Collect$$rtentry$$0000000D) for __rt_entry_main
    __rtentry.o(.ARM.Collect$$rtentry$$00000000) refers (Special) to __rtentry2.o(.ARM.Collect$$rtentry$$0000000C) for __rt_entry_postli_1
    __rtentry.o(.ARM.Collect$$rtentry$$00000000) refers (Special) to __rtentry2.o(.ARM.Collect$$rtentry$$00000009) for __rt_entry_postsh_1
    __rtentry.o(.ARM.Collect$$rtentry$$00000000) refers (Special) to __rtentry2.o(.ARM.Collect$$rtentry$$00000002) for __rt_entry_presh_1
    __rtentry.o(.ARM.Collect$$rtentry$$00000000) refers (Special) to __rtentry4.o(.ARM.Collect$$rtentry$$00000004) for __rt_entry_sh
    aeabi_idiv0_sigfpe.o(.text) refers to rt_div0.o(.text) for __rt_div0
    __rtentry2.o(.ARM.Collect$$rtentry$$00000008) refers to boardinit2.o(.text) for _platform_post_stackheap_init
    __rtentry2.o(.ARM.Collect$$rtentry$$0000000A) refers to libinit.o(.ARM.Collect$$libinit$$00000000) for __rt_lib_init
    __rtentry2.o(.ARM.Collect$$rtentry$$0000000B) refers to boardinit3.o(.text) for _platform_post_lib_init
    __rtentry2.o(.ARM.Collect$$rtentry$$0000000D) refers to main.o(i.main) for main
    __rtentry2.o(.ARM.Collect$$rtentry$$0000000D) refers to exit.o(.text) for exit
    __rtentry2.o(.ARM.exidx) refers to __rtentry2.o(.ARM.Collect$$rtentry$$00000001) for .ARM.Collect$$rtentry$$00000001
    __rtentry2.o(.ARM.exidx) refers to __rtentry2.o(.ARM.Collect$$rtentry$$00000008) for .ARM.Collect$$rtentry$$00000008
    __rtentry2.o(.ARM.exidx) refers to __rtentry2.o(.ARM.Collect$$rtentry$$0000000A) for .ARM.Collect$$rtentry$$0000000A
    __rtentry2.o(.ARM.exidx) refers to __rtentry2.o(.ARM.Collect$$rtentry$$0000000B) for .ARM.Collect$$rtentry$$0000000B
    __rtentry2.o(.ARM.exidx) refers to __rtentry2.o(.ARM.Collect$$rtentry$$0000000D) for .ARM.Collect$$rtentry$$0000000D
    __rtentry4.o(.ARM.Collect$$rtentry$$00000004) refers to sys_stackheap_outer.o(.text) for __user_setup_stackheap
    __rtentry4.o(.ARM.exidx) refers to __rtentry4.o(.ARM.Collect$$rtentry$$00000004) for .ARM.Collect$$rtentry$$00000004
    rt_div0.o(.text) refers to defsig_fpe_outer.o(.text) for __rt_SIGFPE
    sys_stackheap_outer.o(.text) refers to libspace.o(.text) for __user_perproc_libspace
    sys_stackheap_outer.o(.text) refers to startup_nuc123.o(.text) for __user_initial_stackheap
    sys_stackheap_outer.o(__vectab_stack_and_reset_area) refers to tempstk.o(.text) for __temporary_stack_top
    sys_stackheap_outer.o(__vectab_stack_and_reset_area) refers to __main.o(!!!main) for __main
    exit.o(.text) refers to rtexit.o(.ARM.Collect$$rtexit$$00000000) for __rt_exit
    defsig_fpe_outer.o(.text) refers to defsig_fpe_inner.o(.text) for __rt_SIGFPE_inner
    defsig_fpe_outer.o(.text) refers to defsig_exit.o(.text) for __sig_exit
    defsig_fpe_formal.o(.text) refers to rt_raise.o(.text) for __rt_raise
    libinit.o(.ARM.Collect$$libinit$$00000000) refers (Special) to libinit2.o(.ARM.Collect$$libinit$$0000002E) for __rt_lib_init_alloca_1
    libinit.o(.ARM.Collect$$libinit$$00000000) refers (Special) to libinit2.o(.ARM.Collect$$libinit$$0000002C) for __rt_lib_init_argv_1
    libinit.o(.ARM.Collect$$libinit$$00000000) refers (Special) to libinit2.o(.ARM.Collect$$libinit$$0000001B) for __rt_lib_init_atexit_1
    libinit.o(.ARM.Collect$$libinit$$00000000) refers (Special) to libinit2.o(.ARM.Collect$$libinit$$00000021) for __rt_lib_init_clock_1
    libinit.o(.ARM.Collect$$libinit$$00000000) refers (Special) to libinit2.o(.ARM.Collect$$libinit$$00000032) for __rt_lib_init_cpp_1
    libinit.o(.ARM.Collect$$libinit$$00000000) refers (Special) to libinit2.o(.ARM.Collect$$libinit$$00000030) for __rt_lib_init_exceptions_1
    libinit.o(.ARM.Collect$$libinit$$00000000) refers (Special) to libinit2.o(.ARM.Collect$$libinit$$00000002) for __rt_lib_init_fp_1
    libinit.o(.ARM.Collect$$libinit$$00000000) refers (Special) to libinit2.o(.ARM.Collect$$libinit$$0000001F) for __rt_lib_init_fp_trap_1
    libinit.o(.ARM.Collect$$libinit$$00000000) refers (Special) to libinit2.o(.ARM.Collect$$libinit$$00000023) for __rt_lib_init_getenv_1
    libinit.o(.ARM.Collect$$libinit$$00000000) refers (Special) to libinit2.o(.ARM.Collect$$libinit$$0000000A) for __rt_lib_init_heap_1
    libinit.o(.ARM.Collect$$libinit$$00000000) refers (Special) to libinit2.o(.ARM.Collect$$libinit$$00000011) for __rt_lib_init_lc_collate_1
    libinit.o(.ARM.Collect$$libinit$$00000000) refers (Special) to libinit2.o(.ARM.Collect$$libinit$$00000013) for __rt_lib_init_lc_ctype_1
    libinit.o(.ARM.Collect$$libinit$$00000000) refers (Special) to libinit2.o(.ARM.Collect$$libinit$$00000015) for __rt_lib_init_lc_monetary_1
    libinit.o(.ARM.Collect$$libinit$$00000000) refers (Special) to libinit2.o(.ARM.Collect$$libinit$$00000017) for __rt_lib_init_lc_numeric_1
    libinit.o(.ARM.Collect$$libinit$$00000000) refers (Special) to libinit2.o(.ARM.Collect$$libinit$$00000019) for __rt_lib_init_lc_time_1
    libinit.o(.ARM.Collect$$libinit$$00000000) refers (Special) to libinit2.o(.ARM.Collect$$libinit$$00000004) for __rt_lib_init_preinit_1
    libinit.o(.ARM.Collect$$libinit$$00000000) refers (Special) to libinit2.o(.ARM.Collect$$libinit$$0000000E) for __rt_lib_init_rand_1
    libinit.o(.ARM.Collect$$libinit$$00000000) refers (Special) to libinit2.o(.ARM.Collect$$libinit$$00000033) for __rt_lib_init_return
    libinit.o(.ARM.Collect$$libinit$$00000000) refers (Special) to libinit2.o(.ARM.Collect$$libinit$$0000001D) for __rt_lib_init_signal_1
    libinit.o(.ARM.Collect$$libinit$$00000000) refers (Special) to libinit2.o(.ARM.Collect$$libinit$$00000025) for __rt_lib_init_stdio_1
    libinit.o(.ARM.Collect$$libinit$$00000000) refers (Special) to libinit2.o(.ARM.Collect$$libinit$$0000000C) for __rt_lib_init_user_alloc_1
    libspace.o(.text) refers to libspace.o(.bss) for __libspace_start
    rtexit.o(.ARM.Collect$$rtexit$$00000000) refers (Special) to rtexit2.o(.ARM.Collect$$rtexit$$00000004) for __rt_exit_exit
    rtexit.o(.ARM.Collect$$rtexit$$00000000) refers (Special) to rtexit2.o(.ARM.Collect$$rtexit$$00000003) for __rt_exit_ls
    rtexit.o(.ARM.Collect$$rtexit$$00000000) refers (Special) to rtexit2.o(.ARM.Collect$$rtexit$$00000002) for __rt_exit_prels_1
    rtexit.o(.ARM.exidx) refers (Special) to rtexit2.o(.ARM.Collect$$rtexit$$00000004) for __rt_exit_exit
    rtexit.o(.ARM.exidx) refers (Special) to rtexit2.o(.ARM.Collect$$rtexit$$00000003) for __rt_exit_ls
    rtexit.o(.ARM.exidx) refers (Special) to rtexit2.o(.ARM.Collect$$rtexit$$00000002) for __rt_exit_prels_1
    rtexit.o(.ARM.exidx) refers to rtexit.o(.ARM.Collect$$rtexit$$00000000) for .ARM.Collect$$rtexit$$00000000
    rt_raise.o(.text) refers to __raise.o(.text) for __raise
    rt_raise.o(.text) refers to sys_exit.o(.text) for _sys_exit
    defsig_exit.o(.text) refers to sys_exit.o(.text) for _sys_exit
    defsig_fpe_inner.o(.text) refers to defsig_general.o(.text) for __default_signal_display
    libinit2.o(.ARM.Collect$$libinit$$00000010) refers to libinit2.o(.ARM.Collect$$libinit$$0000000F) for .ARM.Collect$$libinit$$0000000F
    libinit2.o(.ARM.Collect$$libinit$$00000012) refers to libinit2.o(.ARM.Collect$$libinit$$0000000F) for .ARM.Collect$$libinit$$0000000F
    libinit2.o(.ARM.Collect$$libinit$$00000014) refers to libinit2.o(.ARM.Collect$$libinit$$0000000F) for .ARM.Collect$$libinit$$0000000F
    libinit2.o(.ARM.Collect$$libinit$$00000016) refers to libinit2.o(.ARM.Collect$$libinit$$0000000F) for .ARM.Collect$$libinit$$0000000F
    libinit2.o(.ARM.Collect$$libinit$$00000018) refers to libinit2.o(.ARM.Collect$$libinit$$0000000F) for .ARM.Collect$$libinit$$0000000F
    libinit2.o(.ARM.Collect$$libinit$$00000026) refers to argv_veneer.o(.text) for __ARM_argv_veneer
    libinit2.o(.ARM.Collect$$libinit$$00000027) refers to argv_veneer.o(.text) for __ARM_argv_veneer
    sys_exit.o(.text) refers (Special) to use_no_semi.o(.text) for __I$use$semihosting
    sys_exit.o(.text) refers (Special) to indicate_semi.o(.text) for __semihosting_library_function
    rtexit2.o(.ARM.Collect$$rtexit$$00000003) refers to libshutdown.o(.ARM.Collect$$libshutdown$$00000000) for __rt_lib_shutdown
    rtexit2.o(.ARM.Collect$$rtexit$$00000004) refers to sys_exit.o(.text) for _sys_exit
    rtexit2.o(.ARM.exidx) refers to rtexit2.o(.ARM.Collect$$rtexit$$00000001) for .ARM.Collect$$rtexit$$00000001
    rtexit2.o(.ARM.exidx) refers to rtexit2.o(.ARM.Collect$$rtexit$$00000003) for .ARM.Collect$$rtexit$$00000003
    rtexit2.o(.ARM.exidx) refers to rtexit2.o(.ARM.Collect$$rtexit$$00000004) for .ARM.Collect$$rtexit$$00000004
    __raise.o(.text) refers to defsig.o(CL$$defsig) for __default_signal_handler
    defsig_general.o(.text) refers to sys_wrch.o(.text) for _ttywrch
    sys_wrch.o(.text) refers (Special) to use_no_semi.o(.text) for __I$use$semihosting
    sys_wrch.o(.text) refers (Special) to indicate_semi.o(.text) for __semihosting_library_function
    defsig.o(CL$$defsig) refers to defsig_fpe_inner.o(.text) for __rt_SIGFPE_inner
    defsig.o(CL$$defsig) refers to defsig_rtmem_inner.o(.text) for __rt_SIGRTMEM_inner
    _get_argv_nomalloc.o(.text) refers (Special) to hrguard.o(.text) for __heap_region$guard
    _get_argv_nomalloc.o(.text) refers to defsig_rtmem_outer.o(.text) for __rt_SIGRTMEM
    _get_argv_nomalloc.o(.text) refers to sys_command.o(.text) for _sys_command_string
    libshutdown.o(.ARM.Collect$$libshutdown$$00000000) refers (Special) to libshutdown2.o(.ARM.Collect$$libshutdown$$00000004) for __rt_lib_shutdown_cpp_1
    libshutdown.o(.ARM.Collect$$libshutdown$$00000000) refers (Special) to libshutdown2.o(.ARM.Collect$$libshutdown$$00000002) for __rt_lib_shutdown_fini_1
    libshutdown.o(.ARM.Collect$$libshutdown$$00000000) refers (Special) to libshutdown2.o(.ARM.Collect$$libshutdown$$00000009) for __rt_lib_shutdown_fp_trap_1
    libshutdown.o(.ARM.Collect$$libshutdown$$00000000) refers (Special) to libshutdown2.o(.ARM.Collect$$libshutdown$$00000011) for __rt_lib_shutdown_heap_1
    libshutdown.o(.ARM.Collect$$libshutdown$$00000000) refers (Special) to libshutdown2.o(.ARM.Collect$$libshutdown$$00000012) for __rt_lib_shutdown_return
    libshutdown.o(.ARM.Collect$$libshutdown$$00000000) refers (Special) to libshutdown2.o(.ARM.Collect$$libshutdown$$0000000C) for __rt_lib_shutdown_signal_1
    libshutdown.o(.ARM.Collect$$libshutdown$$00000000) refers (Special) to libshutdown2.o(.ARM.Collect$$libshutdown$$00000006) for __rt_lib_shutdown_stdio_1
    libshutdown.o(.ARM.Collect$$libshutdown$$00000000) refers (Special) to libshutdown2.o(.ARM.Collect$$libshutdown$$0000000E) for __rt_lib_shutdown_user_alloc_1
    sys_command.o(.text) refers (Special) to use_no_semi.o(.text) for __I$use$semihosting
    sys_command.o(.text) refers (Special) to indicate_semi.o(.text) for __semihosting_library_function
    defsig_abrt_inner.o(.text) refers to defsig_general.o(.text) for __default_signal_display
    defsig_rtred_inner.o(.text) refers to defsig_general.o(.text) for __default_signal_display
    defsig_rtmem_inner.o(.text) refers to defsig_general.o(.text) for __default_signal_display
    defsig_rtmem_outer.o(.text) refers to defsig_rtmem_inner.o(.text) for __rt_SIGRTMEM_inner
    defsig_rtmem_outer.o(.text) refers to defsig_exit.o(.text) for __sig_exit
    defsig_rtmem_formal.o(.text) refers to rt_raise.o(.text) for __rt_raise
    defsig_stak_inner.o(.text) refers to defsig_general.o(.text) for __default_signal_display
    defsig_pvfn_inner.o(.text) refers to defsig_general.o(.text) for __default_signal_display
    defsig_cppl_inner.o(.text) refers to defsig_general.o(.text) for __default_signal_display
    defsig_segv_inner.o(.text) refers to defsig_general.o(.text) for __default_signal_display
    defsig_other.o(.text) refers to defsig_general.o(.text) for __default_signal_display


==============================================================================

Removing Unused input sections from the image.

    Removing system_nuc123.o(.rev16_text), (4 bytes).
    Removing system_nuc123.o(.revsh_text), (4 bytes).
    Removing fmc.o(.rev16_text), (4 bytes).
    Removing fmc.o(.revsh_text), (4 bytes).
    Removing fmc.o(i.FMC_Close), (20 bytes).
    Removing fmc.o(i.FMC_DisableAPUpdate), (20 bytes).
    Removing fmc.o(i.FMC_DisableConfigUpdate), (20 bytes).
    Removing fmc.o(i.FMC_DisableLDUpdate), (20 bytes).
    Removing fmc.o(i.FMC_EnableAPUpdate), (20 bytes).
    Removing fmc.o(i.FMC_EnableConfigUpdate), (20 bytes).
    Removing fmc.o(i.FMC_EnableLDUpdate), (20 bytes).
    Removing fmc.o(i.FMC_GetBootSource), (24 bytes).
    Removing fmc.o(i.FMC_Open), (20 bytes).
    Removing fmc.o(i.FMC_Read), (52 bytes).
    Removing fmc.o(i.FMC_ReadConfig), (36 bytes).
    Removing fmc.o(i.FMC_ReadDataFlashBaseAddr), (12 bytes).
    Removing fmc.o(i.FMC_SetBootSource), (36 bytes).
    Removing fmc.o(i.FMC_WriteConfig), (112 bytes).
    Removing clk.o(.rev16_text), (4 bytes).
    Removing clk.o(.revsh_text), (4 bytes).
    Removing clk.o(i.CLK_DisableCKO), (16 bytes).
    Removing clk.o(i.CLK_DisableModuleClock), (36 bytes).
    Removing clk.o(i.CLK_DisablePLL), (20 bytes).
    Removing clk.o(i.CLK_DisableSysTick), (12 bytes).
    Removing clk.o(i.CLK_DisableXtalRC), (16 bytes).
    Removing clk.o(i.CLK_EnableCKO), (44 bytes).
    Removing clk.o(i.CLK_EnableModuleClock), (36 bytes).
    Removing clk.o(i.CLK_EnablePLL), (388 bytes).
    Removing clk.o(i.CLK_EnableSysTick), (72 bytes).
    Removing clk.o(i.CLK_EnableXtalRC), (16 bytes).
    Removing clk.o(i.CLK_GetCPUFreq), (16 bytes).
    Removing clk.o(i.CLK_GetHCLKFreq), (16 bytes).
    Removing clk.o(i.CLK_GetHXTFreq), (28 bytes).
    Removing clk.o(i.CLK_GetPCLKFreq), (40 bytes).
    Removing clk.o(i.CLK_GetPLLClockFreq), (128 bytes).
    Removing clk.o(i.CLK_Idle), (36 bytes).
    Removing clk.o(i.CLK_PowerDown), (40 bytes).
    Removing clk.o(i.CLK_SetCoreClock), (156 bytes).
    Removing clk.o(i.CLK_SetHCLK), (100 bytes).
    Removing clk.o(i.CLK_SetModuleClock), (176 bytes).
    Removing clk.o(i.CLK_SetSysTickClockSrc), (20 bytes).
    Removing clk.o(i.CLK_WaitClockReady), (40 bytes).
    Removing clk.o(.constdata), (12 bytes).
    Removing main.o(.rev16_text), (4 bytes).
    Removing main.o(.revsh_text), (4 bytes).
    Removing drv_flash.o(.rev16_text), (4 bytes).
    Removing drv_flash.o(.revsh_text), (4 bytes).

47 unused section(s) (total 1936 bytes) removed from the image.

==============================================================================

Image Symbol Table

    Local Symbols

    Symbol Name                              Value     Ov Type        Size  Object(Section)

    ../clib/angel/boardlib.s                 0x00000000   Number         0  boardinit3.o ABSOLUTE
    ../clib/angel/boardlib.s                 0x00000000   Number         0  boardinit1.o ABSOLUTE
    ../clib/angel/boardlib.s                 0x00000000   Number         0  boardshut.o ABSOLUTE
    ../clib/angel/boardlib.s                 0x00000000   Number         0  boardinit2.o ABSOLUTE
    ../clib/angel/handlers.s                 0x00000000   Number         0  __scatter_zi.o ABSOLUTE
    ../clib/angel/handlers.s                 0x00000000   Number         0  __scatter_copy.o ABSOLUTE
    ../clib/angel/kernel.s                   0x00000000   Number         0  rtexit.o ABSOLUTE
    ../clib/angel/kernel.s                   0x00000000   Number         0  __rtentry4.o ABSOLUTE
    ../clib/angel/kernel.s                   0x00000000   Number         0  __rtentry.o ABSOLUTE
    ../clib/angel/kernel.s                   0x00000000   Number         0  __rtentry2.o ABSOLUTE
    ../clib/angel/kernel.s                   0x00000000   Number         0  rtexit2.o ABSOLUTE
    ../clib/angel/rt.s                       0x00000000   Number         0  rt_raise.o ABSOLUTE
    ../clib/angel/rt.s                       0x00000000   Number         0  rt_div0.o ABSOLUTE
    ../clib/angel/rt.s                       0x00000000   Number         0  aeabi_idiv0.o ABSOLUTE
    ../clib/angel/rt.s                       0x00000000   Number         0  aeabi_idiv0_sigfpe.o ABSOLUTE
    ../clib/angel/scatterp.s                 0x00000000   Number         0  __scatter.o ABSOLUTE
    ../clib/angel/startup.s                  0x00000000   Number         0  __main.o ABSOLUTE
    ../clib/angel/sys.s                      0x00000000   Number         0  tempstk.o ABSOLUTE
    ../clib/angel/sys.s                      0x00000000   Number         0  sys_stackheap_outer.o ABSOLUTE
    ../clib/angel/sys.s                      0x00000000   Number         0  libspace.o ABSOLUTE
    ../clib/angel/sys.s                      0x00000000   Number         0  use_no_semi.o ABSOLUTE
    ../clib/angel/sys.s                      0x00000000   Number         0  indicate_semi.o ABSOLUTE
    ../clib/angel/sysapp.c                   0x00000000   Number         0  sys_command.o ABSOLUTE
    ../clib/angel/sysapp.c                   0x00000000   Number         0  sys_wrch.o ABSOLUTE
    ../clib/angel/sysapp.c                   0x00000000   Number         0  sys_exit.o ABSOLUTE
    ../clib/armsys.c                         0x00000000   Number         0  argv_veneer.o ABSOLUTE
    ../clib/armsys.c                         0x00000000   Number         0  _get_argv_nomalloc.o ABSOLUTE
    ../clib/armsys.c                         0x00000000   Number         0  no_argv.o ABSOLUTE
    ../clib/division.s                       0x00000000   Number         0  aeabi_sdiv.o ABSOLUTE
    ../clib/division.s                       0x00000000   Number         0  aeabi_sdiv_div0.o ABSOLUTE
    ../clib/heapalloc.c                      0x00000000   Number         0  hrguard.o ABSOLUTE
    ../clib/heapaux.c                        0x00000000   Number         0  heapauxi.o ABSOLUTE
    ../clib/libinit.s                        0x00000000   Number         0  libshutdown2.o ABSOLUTE
    ../clib/libinit.s                        0x00000000   Number         0  libinit.o ABSOLUTE
    ../clib/libinit.s                        0x00000000   Number         0  libshutdown.o ABSOLUTE
    ../clib/libinit.s                        0x00000000   Number         0  libinit2.o ABSOLUTE
    ../clib/signal.c                         0x00000000   Number         0  defsig_exit.o ABSOLUTE
    ../clib/signal.c                         0x00000000   Number         0  defsig_fpe_inner.o ABSOLUTE
    ../clib/signal.c                         0x00000000   Number         0  __raise.o ABSOLUTE
    ../clib/signal.c                         0x00000000   Number         0  defsig_general.o ABSOLUTE
    ../clib/signal.c                         0x00000000   Number         0  defsig_abrt_inner.o ABSOLUTE
    ../clib/signal.c                         0x00000000   Number         0  defsig_rtred_inner.o ABSOLUTE
    ../clib/signal.c                         0x00000000   Number         0  defsig_rtmem_inner.o ABSOLUTE
    ../clib/signal.c                         0x00000000   Number         0  defsig_rtmem_outer.o ABSOLUTE
    ../clib/signal.c                         0x00000000   Number         0  defsig_stak_inner.o ABSOLUTE
    ../clib/signal.c                         0x00000000   Number         0  defsig_pvfn_inner.o ABSOLUTE
    ../clib/signal.c                         0x00000000   Number         0  defsig_cppl_inner.o ABSOLUTE
    ../clib/signal.c                         0x00000000   Number         0  defsig_segv_inner.o ABSOLUTE
    ../clib/signal.c                         0x00000000   Number         0  defsig_other.o ABSOLUTE
    ../clib/signal.c                         0x00000000   Number         0  defsig_fpe_outer.o ABSOLUTE
    ../clib/signal.c                         0x00000000   Number         0  defsig_fpe_formal.o ABSOLUTE
    ../clib/signal.c                         0x00000000   Number         0  defsig_rtmem_formal.o ABSOLUTE
    ../clib/signal.s                         0x00000000   Number         0  defsig.o ABSOLUTE
    ../clib/stdlib.c                         0x00000000   Number         0  exit.o ABSOLUTE
    ../fplib/cfplib/fpinit.c                 0x00000000   Number         0  fpinit.o ABSOLUTE
    ..\..\Device\Nuvoton\NUC123\Source\ARM\startup_NUC123.s 0x00000000   Number         0  startup_nuc123.o ABSOLUTE
    ..\..\Device\Nuvoton\NUC123\Source\system_NUC123.c 0x00000000   Number         0  system_nuc123.o ABSOLUTE
    ..\..\StdDriver\src\clk.c                0x00000000   Number         0  clk.o ABSOLUTE
    ..\..\StdDriver\src\fmc.c                0x00000000   Number         0  fmc.o ABSOLUTE
    ..\User\drv_flash.c                      0x00000000   Number         0  drv_flash.o ABSOLUTE
    ..\User\main.c                           0x00000000   Number         0  main.o ABSOLUTE
    ..\\..\\Device\\Nuvoton\\NUC123\\Source\\system_NUC123.c 0x00000000   Number         0  system_nuc123.o ABSOLUTE
    ..\\..\\StdDriver\\src\\clk.c            0x00000000   Number         0  clk.o ABSOLUTE
    ..\\..\\StdDriver\\src\\fmc.c            0x00000000   Number         0  fmc.o ABSOLUTE
    ..\\User\\drv_flash.c                    0x00000000   Number         0  drv_flash.o ABSOLUTE
    ..\\User\\main.c                         0x00000000   Number         0  main.o ABSOLUTE
    dc.s                                     0x00000000   Number         0  dc.o ABSOLUTE
    RESET                                    0x00100000   Section      192  startup_nuc123.o(RESET)
    !!!main                                  0x001000c0   Section        8  __main.o(!!!main)
    !!!scatter                               0x001000c8   Section       60  __scatter.o(!!!scatter)
    !!handler_copy                           0x00100104   Section       26  __scatter_copy.o(!!handler_copy)
    !!handler_zi                             0x00100120   Section       28  __scatter_zi.o(!!handler_zi)
    .ARM.Collect$$libinit$$00000000          0x0010013c   Section        2  libinit.o(.ARM.Collect$$libinit$$00000000)
    .ARM.Collect$$libinit$$00000002          0x0010013e   Section        0  libinit2.o(.ARM.Collect$$libinit$$00000002)
    .ARM.Collect$$libinit$$00000004          0x0010013e   Section        0  libinit2.o(.ARM.Collect$$libinit$$00000004)
    .ARM.Collect$$libinit$$0000000A          0x0010013e   Section        0  libinit2.o(.ARM.Collect$$libinit$$0000000A)
    .ARM.Collect$$libinit$$0000000C          0x0010013e   Section        0  libinit2.o(.ARM.Collect$$libinit$$0000000C)
    .ARM.Collect$$libinit$$0000000E          0x0010013e   Section        0  libinit2.o(.ARM.Collect$$libinit$$0000000E)
    .ARM.Collect$$libinit$$00000011          0x0010013e   Section        0  libinit2.o(.ARM.Collect$$libinit$$00000011)
    .ARM.Collect$$libinit$$00000013          0x0010013e   Section        0  libinit2.o(.ARM.Collect$$libinit$$00000013)
    .ARM.Collect$$libinit$$00000015          0x0010013e   Section        0  libinit2.o(.ARM.Collect$$libinit$$00000015)
    .ARM.Collect$$libinit$$00000017          0x0010013e   Section        0  libinit2.o(.ARM.Collect$$libinit$$00000017)
    .ARM.Collect$$libinit$$00000019          0x0010013e   Section        0  libinit2.o(.ARM.Collect$$libinit$$00000019)
    .ARM.Collect$$libinit$$0000001B          0x0010013e   Section        0  libinit2.o(.ARM.Collect$$libinit$$0000001B)
    .ARM.Collect$$libinit$$0000001D          0x0010013e   Section        0  libinit2.o(.ARM.Collect$$libinit$$0000001D)
    .ARM.Collect$$libinit$$0000001F          0x0010013e   Section        0  libinit2.o(.ARM.Collect$$libinit$$0000001F)
    .ARM.Collect$$libinit$$00000021          0x0010013e   Section        0  libinit2.o(.ARM.Collect$$libinit$$00000021)
    .ARM.Collect$$libinit$$00000023          0x0010013e   Section        0  libinit2.o(.ARM.Collect$$libinit$$00000023)
    .ARM.Collect$$libinit$$00000025          0x0010013e   Section        0  libinit2.o(.ARM.Collect$$libinit$$00000025)
    .ARM.Collect$$libinit$$0000002C          0x0010013e   Section        0  libinit2.o(.ARM.Collect$$libinit$$0000002C)
    .ARM.Collect$$libinit$$0000002E          0x0010013e   Section        0  libinit2.o(.ARM.Collect$$libinit$$0000002E)
    .ARM.Collect$$libinit$$00000030          0x0010013e   Section        0  libinit2.o(.ARM.Collect$$libinit$$00000030)
    .ARM.Collect$$libinit$$00000032          0x0010013e   Section        0  libinit2.o(.ARM.Collect$$libinit$$00000032)
    .ARM.Collect$$libinit$$00000033          0x0010013e   Section        2  libinit2.o(.ARM.Collect$$libinit$$00000033)
    .ARM.Collect$$libshutdown$$00000000      0x00100140   Section        2  libshutdown.o(.ARM.Collect$$libshutdown$$00000000)
    .ARM.Collect$$libshutdown$$00000002      0x00100142   Section        0  libshutdown2.o(.ARM.Collect$$libshutdown$$00000002)
    .ARM.Collect$$libshutdown$$00000004      0x00100142   Section        0  libshutdown2.o(.ARM.Collect$$libshutdown$$00000004)
    .ARM.Collect$$libshutdown$$00000006      0x00100142   Section        0  libshutdown2.o(.ARM.Collect$$libshutdown$$00000006)
    .ARM.Collect$$libshutdown$$00000009      0x00100142   Section        0  libshutdown2.o(.ARM.Collect$$libshutdown$$00000009)
    .ARM.Collect$$libshutdown$$0000000C      0x00100142   Section        0  libshutdown2.o(.ARM.Collect$$libshutdown$$0000000C)
    .ARM.Collect$$libshutdown$$0000000E      0x00100142   Section        0  libshutdown2.o(.ARM.Collect$$libshutdown$$0000000E)
    .ARM.Collect$$libshutdown$$00000011      0x00100142   Section        0  libshutdown2.o(.ARM.Collect$$libshutdown$$00000011)
    .ARM.Collect$$libshutdown$$00000012      0x00100142   Section        2  libshutdown2.o(.ARM.Collect$$libshutdown$$00000012)
    .ARM.Collect$$rtentry$$00000000          0x00100144   Section        0  __rtentry.o(.ARM.Collect$$rtentry$$00000000)
    .ARM.Collect$$rtentry$$00000002          0x00100144   Section        0  __rtentry2.o(.ARM.Collect$$rtentry$$00000002)
    .ARM.Collect$$rtentry$$00000004          0x00100144   Section        6  __rtentry4.o(.ARM.Collect$$rtentry$$00000004)
    .ARM.Collect$$rtentry$$00000009          0x0010014a   Section        0  __rtentry2.o(.ARM.Collect$$rtentry$$00000009)
    .ARM.Collect$$rtentry$$0000000A          0x0010014a   Section        4  __rtentry2.o(.ARM.Collect$$rtentry$$0000000A)
    .ARM.Collect$$rtentry$$0000000C          0x0010014e   Section        0  __rtentry2.o(.ARM.Collect$$rtentry$$0000000C)
    .ARM.Collect$$rtentry$$0000000D          0x0010014e   Section        8  __rtentry2.o(.ARM.Collect$$rtentry$$0000000D)
    .ARM.Collect$$rtexit$$00000000           0x00100156   Section        2  rtexit.o(.ARM.Collect$$rtexit$$00000000)
    .ARM.Collect$$rtexit$$00000002           0x00100158   Section        0  rtexit2.o(.ARM.Collect$$rtexit$$00000002)
    .ARM.Collect$$rtexit$$00000003           0x00100158   Section        4  rtexit2.o(.ARM.Collect$$rtexit$$00000003)
    .ARM.Collect$$rtexit$$00000004           0x0010015c   Section        6  rtexit2.o(.ARM.Collect$$rtexit$$00000004)
    .text                                    0x00100164   Section      104  startup_nuc123.o(.text)
    Default_Handler                          0x0010018f   Thumb Code     2  startup_nuc123.o(.text)
    .text                                    0x001001cc   Section      346  aeabi_sdiv.o(.text)
    .text                                    0x00100326   Section        0  heapauxi.o(.text)
    .text                                    0x0010032c   Section       62  sys_stackheap_outer.o(.text)
    .text                                    0x0010036a   Section        0  exit.o(.text)
    .text                                    0x0010037c   Section        8  libspace.o(.text)
    .text                                    0x00100384   Section        0  sys_exit.o(.text)
    .text                                    0x00100390   Section        2  use_no_semi.o(.text)
    .text                                    0x00100392   Section        0  indicate_semi.o(.text)
    i.CLK_GetPLLClockFreq                    0x00100394   Section        0  system_nuc123.o(i.CLK_GetPLLClockFreq)
    CLK_GetPLLClockFreq                      0x00100395   Thumb Code   112  system_nuc123.o(i.CLK_GetPLLClockFreq)
    i.Cal_Checksum                           0x00100414   Section        0  main.o(i.Cal_Checksum)
    i.Clk_Init                               0x0010047c   Section        0  main.o(i.Clk_Init)
    Clk_Init                                 0x0010047d   Thumb Code   226  main.o(i.Clk_Init)
    i.DrvFMC_SetVectorPage                   0x00100570   Section        0  drv_flash.o(i.DrvFMC_SetVectorPage)
    i.Drv_Flash_Erase                        0x001005c8   Section        0  drv_flash.o(i.Drv_Flash_Erase)
    i.Drv_Flash_Read                         0x00100638   Section        0  drv_flash.o(i.Drv_Flash_Read)
    i.Drv_Flash_Write                        0x001006fc   Section        0  drv_flash.o(i.Drv_Flash_Write)
    i.FMC_Read                               0x001007cc   Section        0  main.o(i.FMC_Read)
    FMC_Read                                 0x001007cd   Thumb Code    48  main.o(i.FMC_Read)
    i.FMC_Read                               0x00100800   Section        0  drv_flash.o(i.FMC_Read)
    FMC_Read                                 0x00100801   Thumb Code    48  drv_flash.o(i.FMC_Read)
    i.FMC_Write                              0x00100834   Section        0  drv_flash.o(i.FMC_Write)
    FMC_Write                                0x00100835   Thumb Code    44  drv_flash.o(i.FMC_Write)
    i.Fw_App1_Erase                          0x00100864   Section        0  main.o(i.Fw_App1_Erase)
    Fw_App1_Erase                            0x00100865   Thumb Code    16  main.o(i.Fw_App1_Erase)
    i.Fw_Cal_Checksum                        0x00100874   Section        0  main.o(i.Fw_Cal_Checksum)
    Fw_Cal_Checksum                          0x00100875   Thumb Code   100  main.o(i.Fw_Cal_Checksum)
    i.Fw_Cpy_App2_To_App1                    0x001008dc   Section        0  main.o(i.Fw_Cpy_App2_To_App1)
    Fw_Cpy_App2_To_App1                      0x001008dd   Thumb Code    94  main.o(i.Fw_Cpy_App2_To_App1)
    i.Fw_Get_Info                            0x00100940   Section        0  main.o(i.Fw_Get_Info)
    Fw_Get_Info                              0x00100941   Thumb Code    20  main.o(i.Fw_Get_Info)
    i.Fw_Set_Info                            0x00100954   Section        0  main.o(i.Fw_Set_Info)
    Fw_Set_Info                              0x00100955   Thumb Code    30  main.o(i.Fw_Set_Info)
    i.InvertUint16                           0x00100972   Section        0  main.o(i.InvertUint16)
    i.Ldrom_To_Aprom                         0x001009a0   Section        0  main.o(i.Ldrom_To_Aprom)
    Ldrom_To_Aprom                           0x001009a1   Thumb Code    28  main.o(i.Ldrom_To_Aprom)
    i.SystemCoreClockUpdate                  0x001009c0   Section        0  system_nuc123.o(i.SystemCoreClockUpdate)
    i.SystemInit                             0x00100a30   Section        0  system_nuc123.o(i.SystemInit)
    i.main                                   0x00100a34   Section        0  main.o(i.main)
    .data                                    0x20000000   Section       44  system_nuc123.o(.data)
    .data                                    0x2000002c   Section       12  main.o(.data)
    fwInfo                                   0x2000002c   Data           4  main.o(.data)
    wCRCin                                   0x20000030   Data           2  main.o(.data)
    func_app                                 0x20000034   Data           4  main.o(.data)
    .bss                                     0x20000038   Section       96  libspace.o(.bss)
    HEAP                                     0x20000098   Section     1024  startup_nuc123.o(HEAP)
    Heap_Mem                                 0x20000098   Data        1024  startup_nuc123.o(HEAP)
    STACK                                    0x20000498   Section     1024  startup_nuc123.o(STACK)
    Stack_Mem                                0x20000498   Data        1024  startup_nuc123.o(STACK)
    __initial_sp                             0x20000898   Data           0  startup_nuc123.o(STACK)

    Global Symbols

    Symbol Name                              Value     Ov Type        Size  Object(Section)

    BuildAttributes$$THM_ISAv3M$S$PE$A:L22$X:L11$S22$IEEE1$IW$USESV6$~STKCKD$USESV7$~SHL$OSPACE$ROPI$EBA8$UX$STANDARDLIB$REQ8$PRES8$EABIv2 0x00000000   Number         0  anon$$obj.o ABSOLUTE
    __ARM_use_no_argv                        0x00000000   Number         0  main.o ABSOLUTE
    __ARM_exceptions_init                     - Undefined Weak Reference
    __alloca_initialize                       - Undefined Weak Reference
    __arm_fini_                               - Undefined Weak Reference
    __arm_preinit_                            - Undefined Weak Reference
    __cpp_initialize__aeabi_                  - Undefined Weak Reference
    __cxa_finalize                            - Undefined Weak Reference
    __rt_locale                               - Undefined Weak Reference
    __sigvec_lookup                           - Undefined Weak Reference
    _atexit_init                              - Undefined Weak Reference
    _call_atexit_fns                          - Undefined Weak Reference
    _clock_init                               - Undefined Weak Reference
    _fp_trap_init                             - Undefined Weak Reference
    _fp_trap_shutdown                         - Undefined Weak Reference
    _get_lc_collate                           - Undefined Weak Reference
    _get_lc_ctype                             - Undefined Weak Reference
    _get_lc_monetary                          - Undefined Weak Reference
    _get_lc_numeric                           - Undefined Weak Reference
    _get_lc_time                              - Undefined Weak Reference
    _getenv_init                              - Undefined Weak Reference
    _handle_redirection                       - Undefined Weak Reference
    _init_alloc                               - Undefined Weak Reference
    _init_user_alloc                          - Undefined Weak Reference
    _initio                                   - Undefined Weak Reference
    _rand_init                                - Undefined Weak Reference
    _signal_finish                            - Undefined Weak Reference
    _signal_init                              - Undefined Weak Reference
    _terminate_alloc                          - Undefined Weak Reference
    _terminate_user_alloc                     - Undefined Weak Reference
    _terminateio                              - Undefined Weak Reference
    __Vectors                                0x00100000   Data           4  startup_nuc123.o(RESET)
    __main                                   0x001000c1   Thumb Code     8  __main.o(!!!main)
    __scatterload                            0x001000c9   Thumb Code     0  __scatter.o(!!!scatter)
    __scatterload_rt2                        0x001000c9   Thumb Code    52  __scatter.o(!!!scatter)
    __scatterload_rt2_thumb_only             0x001000c9   Thumb Code     0  __scatter.o(!!!scatter)
    __scatterload_null                       0x001000d9   Thumb Code     0  __scatter.o(!!!scatter)
    __scatterload_copy                       0x00100105   Thumb Code    26  __scatter_copy.o(!!handler_copy)
    __scatterload_zeroinit                   0x00100121   Thumb Code    28  __scatter_zi.o(!!handler_zi)
    __rt_lib_init                            0x0010013d   Thumb Code     0  libinit.o(.ARM.Collect$$libinit$$00000000)
    __rt_lib_init_alloca_1                   0x0010013f   Thumb Code     0  libinit2.o(.ARM.Collect$$libinit$$0000002E)
    __rt_lib_init_argv_1                     0x0010013f   Thumb Code     0  libinit2.o(.ARM.Collect$$libinit$$0000002C)
    __rt_lib_init_atexit_1                   0x0010013f   Thumb Code     0  libinit2.o(.ARM.Collect$$libinit$$0000001B)
    __rt_lib_init_clock_1                    0x0010013f   Thumb Code     0  libinit2.o(.ARM.Collect$$libinit$$00000021)
    __rt_lib_init_cpp_1                      0x0010013f   Thumb Code     0  libinit2.o(.ARM.Collect$$libinit$$00000032)
    __rt_lib_init_exceptions_1               0x0010013f   Thumb Code     0  libinit2.o(.ARM.Collect$$libinit$$00000030)
    __rt_lib_init_fp_1                       0x0010013f   Thumb Code     0  libinit2.o(.ARM.Collect$$libinit$$00000002)
    __rt_lib_init_fp_trap_1                  0x0010013f   Thumb Code     0  libinit2.o(.ARM.Collect$$libinit$$0000001F)
    __rt_lib_init_getenv_1                   0x0010013f   Thumb Code     0  libinit2.o(.ARM.Collect$$libinit$$00000023)
    __rt_lib_init_heap_1                     0x0010013f   Thumb Code     0  libinit2.o(.ARM.Collect$$libinit$$0000000A)
    __rt_lib_init_lc_collate_1               0x0010013f   Thumb Code     0  libinit2.o(.ARM.Collect$$libinit$$00000011)
    __rt_lib_init_lc_ctype_1                 0x0010013f   Thumb Code     0  libinit2.o(.ARM.Collect$$libinit$$00000013)
    __rt_lib_init_lc_monetary_1              0x0010013f   Thumb Code     0  libinit2.o(.ARM.Collect$$libinit$$00000015)
    __rt_lib_init_lc_numeric_1               0x0010013f   Thumb Code     0  libinit2.o(.ARM.Collect$$libinit$$00000017)
    __rt_lib_init_lc_time_1                  0x0010013f   Thumb Code     0  libinit2.o(.ARM.Collect$$libinit$$00000019)
    __rt_lib_init_preinit_1                  0x0010013f   Thumb Code     0  libinit2.o(.ARM.Collect$$libinit$$00000004)
    __rt_lib_init_rand_1                     0x0010013f   Thumb Code     0  libinit2.o(.ARM.Collect$$libinit$$0000000E)
    __rt_lib_init_return                     0x0010013f   Thumb Code     0  libinit2.o(.ARM.Collect$$libinit$$00000033)
    __rt_lib_init_signal_1                   0x0010013f   Thumb Code     0  libinit2.o(.ARM.Collect$$libinit$$0000001D)
    __rt_lib_init_stdio_1                    0x0010013f   Thumb Code     0  libinit2.o(.ARM.Collect$$libinit$$00000025)
    __rt_lib_init_user_alloc_1               0x0010013f   Thumb Code     0  libinit2.o(.ARM.Collect$$libinit$$0000000C)
    __rt_lib_shutdown                        0x00100141   Thumb Code     0  libshutdown.o(.ARM.Collect$$libshutdown$$00000000)
    __rt_lib_shutdown_cpp_1                  0x00100143   Thumb Code     0  libshutdown2.o(.ARM.Collect$$libshutdown$$00000004)
    __rt_lib_shutdown_fini_1                 0x00100143   Thumb Code     0  libshutdown2.o(.ARM.Collect$$libshutdown$$00000002)
    __rt_lib_shutdown_fp_trap_1              0x00100143   Thumb Code     0  libshutdown2.o(.ARM.Collect$$libshutdown$$00000009)
    __rt_lib_shutdown_heap_1                 0x00100143   Thumb Code     0  libshutdown2.o(.ARM.Collect$$libshutdown$$00000011)
    __rt_lib_shutdown_return                 0x00100143   Thumb Code     0  libshutdown2.o(.ARM.Collect$$libshutdown$$00000012)
    __rt_lib_shutdown_signal_1               0x00100143   Thumb Code     0  libshutdown2.o(.ARM.Collect$$libshutdown$$0000000C)
    __rt_lib_shutdown_stdio_1                0x00100143   Thumb Code     0  libshutdown2.o(.ARM.Collect$$libshutdown$$00000006)
    __rt_lib_shutdown_user_alloc_1           0x00100143   Thumb Code     0  libshutdown2.o(.ARM.Collect$$libshutdown$$0000000E)
    __rt_entry                               0x00100145   Thumb Code     0  __rtentry.o(.ARM.Collect$$rtentry$$00000000)
    __rt_entry_presh_1                       0x00100145   Thumb Code     0  __rtentry2.o(.ARM.Collect$$rtentry$$00000002)
    __rt_entry_sh                            0x00100145   Thumb Code     0  __rtentry4.o(.ARM.Collect$$rtentry$$00000004)
    __rt_entry_li                            0x0010014b   Thumb Code     0  __rtentry2.o(.ARM.Collect$$rtentry$$0000000A)
    __rt_entry_postsh_1                      0x0010014b   Thumb Code     0  __rtentry2.o(.ARM.Collect$$rtentry$$00000009)
    __rt_entry_main                          0x0010014f   Thumb Code     0  __rtentry2.o(.ARM.Collect$$rtentry$$0000000D)
    __rt_entry_postli_1                      0x0010014f   Thumb Code     0  __rtentry2.o(.ARM.Collect$$rtentry$$0000000C)
    __rt_exit                                0x00100157   Thumb Code     0  rtexit.o(.ARM.Collect$$rtexit$$00000000)
    __rt_exit_ls                             0x00100159   Thumb Code     0  rtexit2.o(.ARM.Collect$$rtexit$$00000003)
    __rt_exit_prels_1                        0x00100159   Thumb Code     0  rtexit2.o(.ARM.Collect$$rtexit$$00000002)
    __rt_exit_exit                           0x0010015d   Thumb Code     0  rtexit2.o(.ARM.Collect$$rtexit$$00000004)
    Reset_Handler                            0x00100165   Thumb Code    32  startup_nuc123.o(.text)
    NMI_Handler                              0x00100185   Thumb Code     2  startup_nuc123.o(.text)
    HardFault_Handler                        0x00100187   Thumb Code     2  startup_nuc123.o(.text)
    SVC_Handler                              0x00100189   Thumb Code     2  startup_nuc123.o(.text)
    PendSV_Handler                           0x0010018b   Thumb Code     2  startup_nuc123.o(.text)
    SysTick_Handler                          0x0010018d   Thumb Code     2  startup_nuc123.o(.text)
    ACMP_IRQHandler                          0x0010018f   Thumb Code     0  startup_nuc123.o(.text)
    ADC_IRQHandler                           0x0010018f   Thumb Code     0  startup_nuc123.o(.text)
    BOD_IRQHandler                           0x0010018f   Thumb Code     0  startup_nuc123.o(.text)
    CAN0_IRQHandler                          0x0010018f   Thumb Code     0  startup_nuc123.o(.text)
    CAN1_IRQHandler                          0x0010018f   Thumb Code     0  startup_nuc123.o(.text)
    EINT0_IRQHandler                         0x0010018f   Thumb Code     0  startup_nuc123.o(.text)
    EINT1_IRQHandler                         0x0010018f   Thumb Code     0  startup_nuc123.o(.text)
    GPAB_IRQHandler                          0x0010018f   Thumb Code     0  startup_nuc123.o(.text)
    GPCDF_IRQHandler                         0x0010018f   Thumb Code     0  startup_nuc123.o(.text)
    I2C0_IRQHandler                          0x0010018f   Thumb Code     0  startup_nuc123.o(.text)
    I2C1_IRQHandler                          0x0010018f   Thumb Code     0  startup_nuc123.o(.text)
    I2S_IRQHandler                           0x0010018f   Thumb Code     0  startup_nuc123.o(.text)
    PDMA_IRQHandler                          0x0010018f   Thumb Code     0  startup_nuc123.o(.text)
    PS2_IRQHandler                           0x0010018f   Thumb Code     0  startup_nuc123.o(.text)
    PWMA_IRQHandler                          0x0010018f   Thumb Code     0  startup_nuc123.o(.text)
    PWRWU_IRQHandler                         0x0010018f   Thumb Code     0  startup_nuc123.o(.text)
    RTC_IRQHandler                           0x0010018f   Thumb Code     0  startup_nuc123.o(.text)
    SC012_IRQHandler                         0x0010018f   Thumb Code     0  startup_nuc123.o(.text)
    SPI0_IRQHandler                          0x0010018f   Thumb Code     0  startup_nuc123.o(.text)
    SPI1_IRQHandler                          0x0010018f   Thumb Code     0  startup_nuc123.o(.text)
    SPI2_IRQHandler                          0x0010018f   Thumb Code     0  startup_nuc123.o(.text)
    SPI3_IRQHandler                          0x0010018f   Thumb Code     0  startup_nuc123.o(.text)
    TMR0_IRQHandler                          0x0010018f   Thumb Code     0  startup_nuc123.o(.text)
    TMR1_IRQHandler                          0x0010018f   Thumb Code     0  startup_nuc123.o(.text)
    TMR2_IRQHandler                          0x0010018f   Thumb Code     0  startup_nuc123.o(.text)
    TMR3_IRQHandler                          0x0010018f   Thumb Code     0  startup_nuc123.o(.text)
    UART0_IRQHandler                         0x0010018f   Thumb Code     0  startup_nuc123.o(.text)
    UART1_IRQHandler                         0x0010018f   Thumb Code     0  startup_nuc123.o(.text)
    USBD_IRQHandler                          0x0010018f   Thumb Code     0  startup_nuc123.o(.text)
    WDT_IRQHandler                           0x0010018f   Thumb Code     0  startup_nuc123.o(.text)
    __user_initial_stackheap                 0x00100191   Thumb Code     0  startup_nuc123.o(.text)
    __aeabi_uidiv                            0x001001cd   Thumb Code     0  aeabi_sdiv.o(.text)
    __aeabi_uidivmod                         0x001001cd   Thumb Code    20  aeabi_sdiv.o(.text)
    __aeabi_idiv                             0x001001e1   Thumb Code     0  aeabi_sdiv.o(.text)
    __aeabi_idivmod                          0x001001e1   Thumb Code   326  aeabi_sdiv.o(.text)
    __use_two_region_memory                  0x00100327   Thumb Code     2  heapauxi.o(.text)
    __rt_heap_escrow$2region                 0x00100329   Thumb Code     2  heapauxi.o(.text)
    __rt_heap_expand$2region                 0x0010032b   Thumb Code     2  heapauxi.o(.text)
    __user_setup_stackheap                   0x0010032d   Thumb Code    62  sys_stackheap_outer.o(.text)
    exit                                     0x0010036b   Thumb Code    16  exit.o(.text)
    __user_libspace                          0x0010037d   Thumb Code     8  libspace.o(.text)
    __user_perproc_libspace                  0x0010037d   Thumb Code     0  libspace.o(.text)
    __user_perthread_libspace                0x0010037d   Thumb Code     0  libspace.o(.text)
    _sys_exit                                0x00100385   Thumb Code     8  sys_exit.o(.text)
    __I$use$semihosting                      0x00100391   Thumb Code     0  use_no_semi.o(.text)
    __use_no_semihosting_swi                 0x00100391   Thumb Code     2  use_no_semi.o(.text)
    __semihosting_library_function           0x00100393   Thumb Code     0  indicate_semi.o(.text)
    Cal_Checksum                             0x00100415   Thumb Code    94  main.o(i.Cal_Checksum)
    DrvFMC_SetVectorPage                     0x00100571   Thumb Code    78  drv_flash.o(i.DrvFMC_SetVectorPage)
    Drv_Flash_Erase                          0x001005c9   Thumb Code   106  drv_flash.o(i.Drv_Flash_Erase)
    Drv_Flash_Read                           0x00100639   Thumb Code   196  drv_flash.o(i.Drv_Flash_Read)
    Drv_Flash_Write                          0x001006fd   Thumb Code   206  drv_flash.o(i.Drv_Flash_Write)
    InvertUint16                             0x00100973   Thumb Code    46  main.o(i.InvertUint16)
    SystemCoreClockUpdate                    0x001009c1   Thumb Code    88  system_nuc123.o(i.SystemCoreClockUpdate)
    SystemInit                               0x00100a31   Thumb Code     2  system_nuc123.o(i.SystemInit)
    main                                     0x00100a35   Thumb Code   166  main.o(i.main)
    Region$$Table$$Base                      0x00100ae8   Number         0  anon$$obj.o(Region$$Table)
    Region$$Table$$Limit                     0x00100b08   Number         0  anon$$obj.o(Region$$Table)
    SystemCoreClock                          0x20000000   Data           4  system_nuc123.o(.data)
    CyclesPerUs                              0x20000004   Data           4  system_nuc123.o(.data)
    PllClock                                 0x20000008   Data           4  system_nuc123.o(.data)
    gau32ClkSrcTbl                           0x2000000c   Data          32  system_nuc123.o(.data)
    __libspace_start                         0x20000038   Data          96  libspace.o(.bss)
    __temporary_stack_top$libspace           0x20000098   Data           0  libspace.o(.bss)



==============================================================================

Memory Map of the image

  Image Entry point : 0x00100165

  Load Region LR_IROM1 (Base: 0x00100000, Size: 0x00000b40, Max: 0x00001000, ABSOLUTE)

    Execution Region ER_IROM1 (Exec base: 0x00100000, Load base: 0x00100000, Size: 0x00000b08, Max: 0x00001000, ABSOLUTE)

    Exec Addr    Load Addr    Size         Type   Attr      Idx    E Section Name        Object

    0x00100000   0x00100000   0x000000c0   Data   RO            3    RESET               startup_nuc123.o
    0x001000c0   0x001000c0   0x00000008   Code   RO          546  * !!!main             c_p.l(__main.o)
    0x001000c8   0x001000c8   0x0000003c   Code   RO          717    !!!scatter          c_p.l(__scatter.o)
    0x00100104   0x00100104   0x0000001a   Code   RO          719    !!handler_copy      c_p.l(__scatter_copy.o)
    0x0010011e   0x0010011e   0x00000002   PAD
    0x00100120   0x00100120   0x0000001c   Code   RO          721    !!handler_zi        c_p.l(__scatter_zi.o)
    0x0010013c   0x0010013c   0x00000002   Code   RO          584    .ARM.Collect$$libinit$$00000000  c_p.l(libinit.o)
    0x0010013e   0x0010013e   0x00000000   Code   RO          598    .ARM.Collect$$libinit$$00000002  c_p.l(libinit2.o)
    0x0010013e   0x0010013e   0x00000000   Code   RO          600    .ARM.Collect$$libinit$$00000004  c_p.l(libinit2.o)
    0x0010013e   0x0010013e   0x00000000   Code   RO          603    .ARM.Collect$$libinit$$0000000A  c_p.l(libinit2.o)
    0x0010013e   0x0010013e   0x00000000   Code   RO          605    .ARM.Collect$$libinit$$0000000C  c_p.l(libinit2.o)
    0x0010013e   0x0010013e   0x00000000   Code   RO          607    .ARM.Collect$$libinit$$0000000E  c_p.l(libinit2.o)
    0x0010013e   0x0010013e   0x00000000   Code   RO          610    .ARM.Collect$$libinit$$00000011  c_p.l(libinit2.o)
    0x0010013e   0x0010013e   0x00000000   Code   RO          612    .ARM.Collect$$libinit$$00000013  c_p.l(libinit2.o)
    0x0010013e   0x0010013e   0x00000000   Code   RO          614    .ARM.Collect$$libinit$$00000015  c_p.l(libinit2.o)
    0x0010013e   0x0010013e   0x00000000   Code   RO          616    .ARM.Collect$$libinit$$00000017  c_p.l(libinit2.o)
    0x0010013e   0x0010013e   0x00000000   Code   RO          618    .ARM.Collect$$libinit$$00000019  c_p.l(libinit2.o)
    0x0010013e   0x0010013e   0x00000000   Code   RO          620    .ARM.Collect$$libinit$$0000001B  c_p.l(libinit2.o)
    0x0010013e   0x0010013e   0x00000000   Code   RO          622    .ARM.Collect$$libinit$$0000001D  c_p.l(libinit2.o)
    0x0010013e   0x0010013e   0x00000000   Code   RO          624    .ARM.Collect$$libinit$$0000001F  c_p.l(libinit2.o)
    0x0010013e   0x0010013e   0x00000000   Code   RO          626    .ARM.Collect$$libinit$$00000021  c_p.l(libinit2.o)
    0x0010013e   0x0010013e   0x00000000   Code   RO          628    .ARM.Collect$$libinit$$00000023  c_p.l(libinit2.o)
    0x0010013e   0x0010013e   0x00000000   Code   RO          630    .ARM.Collect$$libinit$$00000025  c_p.l(libinit2.o)
    0x0010013e   0x0010013e   0x00000000   Code   RO          634    .ARM.Collect$$libinit$$0000002C  c_p.l(libinit2.o)
    0x0010013e   0x0010013e   0x00000000   Code   RO          636    .ARM.Collect$$libinit$$0000002E  c_p.l(libinit2.o)
    0x0010013e   0x0010013e   0x00000000   Code   RO          638    .ARM.Collect$$libinit$$00000030  c_p.l(libinit2.o)
    0x0010013e   0x0010013e   0x00000000   Code   RO          640    .ARM.Collect$$libinit$$00000032  c_p.l(libinit2.o)
    0x0010013e   0x0010013e   0x00000002   Code   RO          641    .ARM.Collect$$libinit$$00000033  c_p.l(libinit2.o)
    0x00100140   0x00100140   0x00000002   Code   RO          672    .ARM.Collect$$libshutdown$$00000000  c_p.l(libshutdown.o)
    0x00100142   0x00100142   0x00000000   Code   RO          698    .ARM.Collect$$libshutdown$$00000002  c_p.l(libshutdown2.o)
    0x00100142   0x00100142   0x00000000   Code   RO          700    .ARM.Collect$$libshutdown$$00000004  c_p.l(libshutdown2.o)
    0x00100142   0x00100142   0x00000000   Code   RO          702    .ARM.Collect$$libshutdown$$00000006  c_p.l(libshutdown2.o)
    0x00100142   0x00100142   0x00000000   Code   RO          705    .ARM.Collect$$libshutdown$$00000009  c_p.l(libshutdown2.o)
    0x00100142   0x00100142   0x00000000   Code   RO          708    .ARM.Collect$$libshutdown$$0000000C  c_p.l(libshutdown2.o)
    0x00100142   0x00100142   0x00000000   Code   RO          710    .ARM.Collect$$libshutdown$$0000000E  c_p.l(libshutdown2.o)
    0x00100142   0x00100142   0x00000000   Code   RO          713    .ARM.Collect$$libshutdown$$00000011  c_p.l(libshutdown2.o)
    0x00100142   0x00100142   0x00000002   Code   RO          714    .ARM.Collect$$libshutdown$$00000012  c_p.l(libshutdown2.o)
    0x00100144   0x00100144   0x00000000   Code   RO          548    .ARM.Collect$$rtentry$$00000000  c_p.l(__rtentry.o)
    0x00100144   0x00100144   0x00000000   Code   RO          554    .ARM.Collect$$rtentry$$00000002  c_p.l(__rtentry2.o)
    0x00100144   0x00100144   0x00000006   Code   RO          566    .ARM.Collect$$rtentry$$00000004  c_p.l(__rtentry4.o)
    0x0010014a   0x0010014a   0x00000000   Code   RO          556    .ARM.Collect$$rtentry$$00000009  c_p.l(__rtentry2.o)
    0x0010014a   0x0010014a   0x00000004   Code   RO          557    .ARM.Collect$$rtentry$$0000000A  c_p.l(__rtentry2.o)
    0x0010014e   0x0010014e   0x00000000   Code   RO          559    .ARM.Collect$$rtentry$$0000000C  c_p.l(__rtentry2.o)
    0x0010014e   0x0010014e   0x00000008   Code   RO          560    .ARM.Collect$$rtentry$$0000000D  c_p.l(__rtentry2.o)
    0x00100156   0x00100156   0x00000002   Code   RO          589    .ARM.Collect$$rtexit$$00000000  c_p.l(rtexit.o)
    0x00100158   0x00100158   0x00000000   Code   RO          645    .ARM.Collect$$rtexit$$00000002  c_p.l(rtexit2.o)
    0x00100158   0x00100158   0x00000004   Code   RO          646    .ARM.Collect$$rtexit$$00000003  c_p.l(rtexit2.o)
    0x0010015c   0x0010015c   0x00000006   Code   RO          647    .ARM.Collect$$rtexit$$00000004  c_p.l(rtexit2.o)
    0x00100162   0x00100162   0x00000002   PAD
    0x00100164   0x00100164   0x00000068   Code   RO            4  * .text               startup_nuc123.o
    0x001001cc   0x001001cc   0x0000015a   Code   RO          540    .text               c_p.l(aeabi_sdiv.o)
    0x00100326   0x00100326   0x00000006   Code   RO          544    .text               c_p.l(heapauxi.o)
    0x0010032c   0x0010032c   0x0000003e   Code   RO          570    .text               c_p.l(sys_stackheap_outer.o)
    0x0010036a   0x0010036a   0x00000010   Code   RO          573    .text               c_p.l(exit.o)
    0x0010037a   0x0010037a   0x00000002   PAD
    0x0010037c   0x0010037c   0x00000008   Code   RO          585    .text               c_p.l(libspace.o)
    0x00100384   0x00100384   0x0000000c   Code   RO          642    .text               c_p.l(sys_exit.o)
    0x00100390   0x00100390   0x00000002   Code   RO          661    .text               c_p.l(use_no_semi.o)
    0x00100392   0x00100392   0x00000000   Code   RO          663    .text               c_p.l(indicate_semi.o)
    0x00100392   0x00100392   0x00000002   PAD
    0x00100394   0x00100394   0x00000080   Code   RO           12    i.CLK_GetPLLClockFreq  system_nuc123.o
    0x00100414   0x00100414   0x00000068   Code   RO          392    i.Cal_Checksum      main.o
    0x0010047c   0x0010047c   0x000000f4   Code   RO          393    i.Clk_Init          main.o
    0x00100570   0x00100570   0x00000058   Code   RO          485    i.DrvFMC_SetVectorPage  drv_flash.o
    0x001005c8   0x001005c8   0x00000070   Code   RO          486    i.Drv_Flash_Erase   drv_flash.o
    0x00100638   0x00100638   0x000000c4   Code   RO          487    i.Drv_Flash_Read    drv_flash.o
    0x001006fc   0x001006fc   0x000000ce   Code   RO          488    i.Drv_Flash_Write   drv_flash.o
    0x001007ca   0x001007ca   0x00000002   PAD
    0x001007cc   0x001007cc   0x00000034   Code   RO          394    i.FMC_Read          main.o
    0x00100800   0x00100800   0x00000034   Code   RO          489    i.FMC_Read          drv_flash.o
    0x00100834   0x00100834   0x00000030   Code   RO          490    i.FMC_Write         drv_flash.o
    0x00100864   0x00100864   0x00000010   Code   RO          395    i.Fw_App1_Erase     main.o
    0x00100874   0x00100874   0x00000068   Code   RO          396    i.Fw_Cal_Checksum   main.o
    0x001008dc   0x001008dc   0x00000064   Code   RO          397    i.Fw_Cpy_App2_To_App1  main.o
    0x00100940   0x00100940   0x00000014   Code   RO          398    i.Fw_Get_Info       main.o
    0x00100954   0x00100954   0x0000001e   Code   RO          399    i.Fw_Set_Info       main.o
    0x00100972   0x00100972   0x0000002e   Code   RO          400    i.InvertUint16      main.o
    0x001009a0   0x001009a0   0x00000020   Code   RO          401    i.Ldrom_To_Aprom    main.o
    0x001009c0   0x001009c0   0x00000070   Code   RO           13    i.SystemCoreClockUpdate  system_nuc123.o
    0x00100a30   0x00100a30   0x00000002   Code   RO           14    i.SystemInit        system_nuc123.o
    0x00100a32   0x00100a32   0x00000002   PAD
    0x00100a34   0x00100a34   0x000000b4   Code   RO          402    i.main              main.o
    0x00100ae8   0x00100ae8   0x00000020   Data   RO          715    Region$$Table       anon$$obj.o


    Execution Region RW_IRAM1 (Exec base: 0x20000000, Load base: 0x00100b08, Size: 0x00000898, Max: 0x00005000, ABSOLUTE)

    Exec Addr    Load Addr    Size         Type   Attr      Idx    E Section Name        Object

    0x20000000   0x00100b08   0x0000002c   Data   RW           15    .data               system_nuc123.o
    0x2000002c   0x00100b34   0x0000000c   Data   RW          403    .data               main.o
    0x20000038        -       0x00000060   Zero   RW          586    .bss                c_p.l(libspace.o)
    0x20000098        -       0x00000400   Zero   RW            2    HEAP                startup_nuc123.o
    0x20000498        -       0x00000400   Zero   RW            1    STACK               startup_nuc123.o


==============================================================================

Image component sizes


      Code (inc. data)   RO Data    RW Data    ZI Data      Debug   Object Name

       702         24          0          0          0       5824   drv_flash.o
         0          0          0          0          0      80072   fmc.o
       928         60          0         12          0      47101   main.o
       104         50        192          0       2048        700   startup_nuc123.o
       242         40          0         44          0      20363   system_nuc123.o

    ----------------------------------------------------------------------
      1980        174        224         56       2048     154060   Object Totals
         0          0         32          0          0          0   (incl. Generated)
         4          0          0          0          0          0   (incl. Padding)

    ----------------------------------------------------------------------

      Code (inc. data)   RO Data    RW Data    ZI Data      Debug   Library Member Name

         8          0          0          0          0         68   __main.o
         0          0          0          0          0          0   __rtentry.o
        12          0          0          0          0          0   __rtentry2.o
         6          0          0          0          0          0   __rtentry4.o
        60          8          0          0          0          0   __scatter.o
        26          0          0          0          0          0   __scatter_copy.o
        28          0          0          0          0          0   __scatter_zi.o
       346          0          0          0          0         92   aeabi_sdiv.o
        16          0          0          0          0         68   exit.o
         6          0          0          0          0        136   heapauxi.o
         0          0          0          0          0          0   indicate_semi.o
         2          0          0          0          0          0   libinit.o
         2          0          0          0          0          0   libinit2.o
         2          0          0          0          0          0   libshutdown.o
         2          0          0          0          0          0   libshutdown2.o
         8          4          0          0         96         68   libspace.o
         2          0          0          0          0          0   rtexit.o
        10          0          0          0          0          0   rtexit2.o
        12          4          0          0          0         60   sys_exit.o
        62          0          0          0          0         80   sys_stackheap_outer.o
         2          0          0          0          0         68   use_no_semi.o

    ----------------------------------------------------------------------
       620         16          0          0         96        640   Library Totals
         8          0          0          0          0          0   (incl. Padding)

    ----------------------------------------------------------------------

      Code (inc. data)   RO Data    RW Data    ZI Data      Debug   Library Name

       612         16          0          0         96        640   c_p.l

    ----------------------------------------------------------------------
       620         16          0          0         96        640   Library Totals

    ----------------------------------------------------------------------

==============================================================================


      Code (inc. data)   RO Data    RW Data    ZI Data      Debug   

      2600        190        224         56       2144     153764   Grand Totals
      2600        190        224         56       2144     153764   ELF Image Totals
      2600        190        224         56          0          0   ROM Totals

==============================================================================

    Total RO  Size (Code + RO Data)                 2824 (   2.76kB)
    Total RW  Size (RW Data + ZI Data)              2200 (   2.15kB)
    Total ROM Size (Code + RO Data + RW Data)       2880 (   2.81kB)

==============================================================================

