<html>
<body>
<pre>
<h1>µVision Build Log</h1>
<h2>Tool Versions:</h2>
IDE-Version: ¦ÌVision V5.36.0.0
Copyright (C) 2021 ARM Ltd and ARM Germany GmbH. All rights reserved.
License Information: h j, 12313, LIC=EXJT4-FIX3G-ARZXW-QZAUS-XCRLU-LJJ4G
 
Tool Versions:
Toolchain:       MDK-ARM Plus  Version: 5.36.0.0
Toolchain Path:  C:\Keil_v5\ARM\ARMCC\Bin
C Compiler:      Armcc.exe V5.06 update 7 (build 960)
Assembler:       Armasm.exe V5.06 update 7 (build 960)
Linker/Locator:  ArmLink.exe V5.06 update 7 (build 960)
Library Manager: ArmAr.exe V5.06 update 7 (build 960)
Hex Converter:   FromElf.exe V5.06 update 7 (build 960)
CPU DLL:         SARMCM3.DLL V5.36.0.0
Dialog DLL:      DARMCM1.DLL V1.19.4.0
Target DLL:      Nu_Link.dll V3.11
Dialog DLL:      TARMCM1.DLL V1.14.4.0
 
<h2>Project:</h2>
F:\project\mouse\mouse_nuc123\Document\EC_NUC123_SPI_WITH_PDMA_V1.00\SampleCode\ExampleCode\NUC123_SPI_WITH_PDMA_MASTER\KEIL\NUC123_SPI_WITH_PDMA_MASTER.uvprojx
Project File Date:  04/23/2023

<h2>Output:</h2>
*** Using Compiler 'V5.06 update 7 (build 960)', folder: 'C:\Keil_v5\ARM\ARMCC\Bin'
Build target 'NUC123_SPI_WITH_PDMA_MASTER'
assembling startup_NUC123.s...
compiling system_NUC123.c...
creating preprocessor file for clk.c...
creating preprocessor file for system_NUC123.c...
creating preprocessor file for pdma.c...
compiling pdma.c...
creating preprocessor file for retarget.c...
creating preprocessor file for uart.c...
creating preprocessor file for spi.c...
creating preprocessor file for main.c...
compiling spi.c...
compiling uart.c...
compiling retarget.c...
compiling main.c...
creating preprocessor file for gpio.c...
compiling clk.c...
compiling gpio.c...
linking...
Program Size: Code=4568 RO-data=712 RW-data=68 ZI-data=1684  
After Build - User command #1: fromelf --bin ".\obj\NUC123_SPI_WITH_PDMA_MASTER.axf" --output ".\obj\NUC123_SPI_WITH_PDMA_MASTER.bin"
After Build - User command #2: fromelf --text -c ".\obj\NUC123_SPI_WITH_PDMA_MASTER.axf" --output ".\obj\NUC123_SPI_WITH_PDMA_MASTER.txt"
".\obj\NUC123_SPI_WITH_PDMA_MASTER.axf" - 0 Error(s), 0 Warning(s).

<h2>Software Packages used:</h2>

Package Vendor: ARM
                http://www.keil.com/pack/ARM.CMSIS.5.9.0.pack
                ARM.CMSIS.5.9.0
                CMSIS (Common Microcontroller Software Interface Standard)
   * Component: CORE Version: 5.6.0

Package Vendor: Nuvoton
                https://github.com/OpenNuvoton/cmsis-packs/raw/master/Nuvoton_DFP/Nuvoton.NuMicro_DFP.1.3.19.pack
                Nuvoton.NuMicro_DFP.1.3.19
                Nuvoton ARM Cortex-M NuMicro Family Device Support

<h2>Collection of Component include folders:</h2>
  .\RTE\_NUC123_SPI_WITH_PDMA_MASTER
  C:\Keil_v5\Arm\Packs\ARM\CMSIS\5.9.0\CMSIS\Core\Include
  C:\Keil_v5\Arm\Packs\Nuvoton\NuMicro_DFP\1.3.19\Device\NUC123\Include

<h2>Collection of Component Files used:</h2>

   * Component: ARM::CMSIS:CORE:5.6.0
Build Time Elapsed:  00:00:01
</pre>
</body>
</html>
